../Core/Src/main.c:81:5:main	40	static
../Core/Src/main.c:160:6:SystemClock_Config	88	static
../Core/Src/main.c:207:13:MX_I2C2_Init	8	static
../Core/Src/main.c:241:13:MX_TIM3_Init	64	static
../Core/Src/main.c:300:13:MX_TIM4_Init	64	static
../Core/Src/main.c:359:13:MX_TIM12_Init	56	static
../Core/Src/main.c:411:13:MX_USART3_UART_Init	8	static
../Core/Src/main.c:444:13:MX_USB_OTG_FS_PCD_Init	8	static
../Core/Src/main.c:480:13:MX_GPIO_Init	56	static
../Core/Src/main.c:529:6:Error_Handler	4	static,ignoring_inline_asm
